// Jest Snapshot v1, https://goo.gl/fbAQLP

exports[`Pruebas en PrimeraApp debe mostrar <PrimeraApp /> correctamente 1`] = `
<Fragment>
  <h1>
    Hola Agustin
  </h1>
  <p>
    Como va?
  </p>
</Fragment>
`;
