// Jest Snapshot v1, https://goo.gl/fbAQLP

exports[`Pruebas en AddCategory Debe mostrar los elementos de la manera correspondiente 1`] = `
<form
  onSubmit={[Function]}
>
  <input
    id="1"
    onChange={[Function]}
    type="text"
    value=""
  />
</form>
`;
