// Jest Snapshot v1, https://goo.gl/fbAQLP

exports[`GifGridItem debe mostrar <GifGridItem/> correctamente 1`] = `
<div
  className="card animate__animated animate__fadeInDown"
>
  <p
    className="TituloGifs"
  >
    titulo
  </p>
  <img
    alt="titulo"
    src="https://localhost/foto.jpg"
  />
</div>
`;
